ASxxxx Linker V03.00 + NoICE + sdld,  page 1.
Hexadecimal  [32-Bits]

Area                                    Addr        Size        Decimal Bytes (Attributes)
--------------------------------        ----        ----        ------- ----- ------------
CABS                                00000000    00000000 =           0. bytes (ABS,CON,CODE)

      Value  Global                              Global Defined In Module
      -----  --------------------------------   ------------------------
C:   00000000  l_BSEG                          
C:   00000000  l_BSEG_BYTES                    
C:   00000000  l_CABS                          
C:   00000000  l_CONST                         
C:   00000000  l_GSINIT                        
C:   00000000  l_GSINIT1                       
C:   00000000  l_GSINIT5                       
C:   00000000  l_IABS                          
C:   00000000  l_ISEG                          
C:   00000000  l_PSEG                          
C:   00000000  l_REG_BANK_1                    
C:   00000000  l_REG_BANK_2                    
C:   00000000  l_REG_BANK_3                    
C:   00000000  l_RSEG                          
C:   00000000  l_RSEG0                         
C:   00000000  l_RSEG1                         
C:   00000000  l_XABS                          
C:   00000000  l_XINIT                         
C:   00000000  l_XISEG                         
C:   00000000  l__CODE                         
C:   00000000  s_BSEG                          
C:   00000000  s_CABS                          
C:   00000000  s_DSEG                          
C:   00000000  s_HOME                          
C:   00000000  s_IABS                          
C:   00000000  s_ISEG                          
C:   00000000  s_REG_BANK_0                    
C:   00000000  s_RSEG                          
C:   00000000  s_RSEG0                         
C:   00000000  s_RSEG1                         
C:   00000000  s_XABS                          
C:   00000001  l_BIT_BANK                      
C:   00000001  s_PSEG                          
C:   00000001  s_XSEG                          
C:   00000003  l_GSFINAL                       
C:   00000003  l_GSINIT0                       
C:   00000005  l_OSEG                          
C:   00000006  l_HOME                          
C:   00000006  s_GSINIT0                       
C:   00000008  l_REG_BANK_0                    
C:   00000008  s_REG_BANK_1                    
C:   00000009  s_GSINIT1                       
C:   00000009  s_GSINIT2                       
C:   0000000A  l_GSINIT2                       
C:   0000000F  s_OSEG                          
C:   00000010  s_REG_BANK_2                    
C:   00000013  s_GSINIT3                       
C:   00000018  s_REG_BANK_3                    
C:   00000020  s_BIT_BANK                      
C:   00000020  s_BSEG_BYTES                    
ASxxxx Linker V03.00 + NoICE + sdld,  page 2.
Hexadecimal  [32-Bits]

Area                                    Addr        Size        Decimal Bytes (Attributes)
--------------------------------        ----        ----        ------- ----- ------------
CABS                                00000000    00000000 =           0. bytes (ABS,CON,CODE)

      Value  Global                              Global Defined In Module
      -----  --------------------------------   ------------------------
C:   00000020  s__CODE                         
C:   00000022  l_GSINIT3                       
C:   0000002A  l_GSINIT4                       
C:   00000035  s_GSINIT4                       
C:   0000005E  s_SSEG                          
C:   0000005F  s_GSFINAL                       
C:   0000005F  s_GSINIT                        
C:   0000005F  s_GSINIT5                       
C:   00000062  s_CSEG                          
C:   00000074  l_DSEG                          
C:   000000A2  l_SSEG                          
C:   00000100  l_IRAM                          
C:   00000713  l_XSEG                          
C:   00000714  s_XISEG                         
C:   00001BC1  l_CSEG                          
C:   00001C23  s_CONST                         
C:   00001C23  s_XINIT                         

ASxxxx Linker V03.00 + NoICE + sdld,  page 3.
Hexadecimal  [32-Bits]

Area                                    Addr        Size        Decimal Bytes (Attributes)
--------------------------------        ----        ----        ------- ----- ------------
.  .ABS.                            00000000    00000000 =           0. bytes (ABS,CON)

      Value  Global                              Global Defined In Module
      -----  --------------------------------   ------------------------
     00000000  .__.ABS.                           _startup
     00000080  G$P0$0$0                           util_buffer
     00000080  G$P0_0$0$0                         util_buffer
     00000080  _P0                                util_buffer
     00000080  _P0_0                              util_buffer
     00000081  G$P0_1$0$0                         util_buffer
     00000081  G$SP$0$0                           util_buffer
     00000081  _P0_1                              util_buffer
     00000081  _SP                                util_buffer
     00000082  G$DPL0$0$0                         util_buffer
     00000082  G$P0_2$0$0                         util_buffer
     00000082  _DPL0                              util_buffer
     00000082  _P0_2                              util_buffer
     00000083  G$DPH0$0$0                         util_buffer
     00000083  G$P0_3$0$0                         util_buffer
     00000083  _DPH0                              util_buffer
     00000083  _P0_3                              util_buffer
     00000084  G$DPL1$0$0                         util_buffer
     00000084  G$P0_4$0$0                         util_buffer
     00000084  _DPL1                              util_buffer
     00000084  _P0_4                              util_buffer
     00000085  G$DPH1$0$0                         util_buffer
     00000085  G$P0_5$0$0                         util_buffer
     00000085  _DPH1                              util_buffer
     00000085  _P0_5                              util_buffer
     00000086  G$P0_6$0$0                         util_buffer
     00000086  G$U0CSR$0$0                        util_buffer
     00000086  _P0_6                              util_buffer
     00000086  _U0CSR                             util_buffer
     00000087  G$P0_7$0$0                         util_buffer
     00000087  G$PCON$0$0                         util_buffer
     00000087  _P0_7                              util_buffer
     00000087  _PCON                              util_buffer
     00000088  G$IT0$0$0                          util_buffer
     00000088  G$TCON$0$0                         util_buffer
     00000088  _IT0                               util_buffer
     00000088  _TCON                              util_buffer
     00000089  G$P0IFG$0$0                        util_buffer
     00000089  G$RFTXRXIF$0$0                     util_buffer
     00000089  _P0IFG                             util_buffer
     00000089  _RFTXRXIF                          util_buffer
     0000008A  G$IT1$0$0                          util_buffer
     0000008A  G$P1IFG$0$0                        util_buffer
     0000008A  _IT1                               util_buffer
     0000008A  _P1IFG                             util_buffer
     0000008B  G$P2IFG$0$0                        util_buffer
     0000008B  G$URX0IF$0$0                       util_buffer
     0000008B  _P2IFG                             util_buffer
     0000008B  _URX0IF                            util_buffer
     0000008C  G$PICTL$0$0                        util_buffer
ASxxxx Linker V03.00 + NoICE + sdld,  page 4.
Hexadecimal  [32-Bits]

Area                                    Addr        Size        Decimal Bytes (Attributes)
--------------------------------        ----        ----        ------- ----- ------------
.  .ABS.                            00000000    00000000 =           0. bytes (ABS,CON)

      Value  Global                              Global Defined In Module
      -----  --------------------------------   ------------------------
     0000008C  _PICTL                             util_buffer
     0000008D  G$ADCIF$0$0                        util_buffer
     0000008D  G$P1IEN$0$0                        util_buffer
     0000008D  _ADCIF                             util_buffer
     0000008D  _P1IEN                             util_buffer
     0000008E  G$_SFR8E$0$0                       util_buffer
     0000008E  __SFR8E                            util_buffer
     0000008F  G$P0INP$0$0                        util_buffer
     0000008F  G$URX1IF$0$0                       util_buffer
     0000008F  _P0INP                             util_buffer
     0000008F  _URX1IF                            util_buffer
     00000090  G$P1$0$0                           util_buffer
     00000090  G$P1_0$0$0                         util_buffer
     00000090  _P1                                util_buffer
     00000090  _P1_0                              util_buffer
     00000091  G$P1_1$0$0                         util_buffer
     00000091  G$RFIM$0$0                         util_buffer
     00000091  _P1_1                              util_buffer
     00000091  _RFIM                              util_buffer
     00000092  G$DPS$0$0                          util_buffer
     00000092  G$P1_2$0$0                         util_buffer
     00000092  _DPS                               util_buffer
     00000092  _P1_2                              util_buffer
     00000093  G$MPAGE$0$0                        util_buffer
     00000093  G$P1_3$0$0                         util_buffer
     00000093  G$_XPAGE$0$0                       util_buffer
     00000093  _MPAGE                             util_buffer
     00000093  _P1_3                              util_buffer
     00000093  __XPAGE                            util_buffer
     00000094  G$P1_4$0$0                         util_buffer
     00000094  G$_SFR94$0$0                       util_buffer
     00000094  _P1_4                              util_buffer
     00000094  __SFR94                            util_buffer
     00000095  G$P1_5$0$0                         util_buffer
     00000095  G$_SFR95$0$0                       util_buffer
     00000095  _P1_5                              util_buffer
     00000095  __SFR95                            util_buffer
     00000096  G$P1_6$0$0                         util_buffer
     00000096  G$_SFR96$0$0                       util_buffer
     00000096  _P1_6                              util_buffer
     00000096  __SFR96                            util_buffer
     00000097  G$P1_7$0$0                         util_buffer
     00000097  G$_SFR97$0$0                       util_buffer
     00000097  _P1_7                              util_buffer
     00000097  __SFR97                            util_buffer
     00000098  G$ENCIF_0$0$0                      util_buffer
     00000098  G$S0CON$0$0                        util_buffer
     00000098  _ENCIF_0                           util_buffer
     00000098  _S0CON                             util_buffer
     00000099  G$ENCIF_1$0$0                      util_buffer
     00000099  G$_SFR99$0$0                       util_buffer
ASxxxx Linker V03.00 + NoICE + sdld,  page 5.
Hexadecimal  [32-Bits]

Area                                    Addr        Size        Decimal Bytes (Attributes)
--------------------------------        ----        ----        ------- ----- ------------
.  .ABS.                            00000000    00000000 =           0. bytes (ABS,CON)

      Value  Global                              Global Defined In Module
      -----  --------------------------------   ------------------------
     00000099  _ENCIF_1                           util_buffer
     00000099  __SFR99                            util_buffer
     0000009A  G$IEN2$0$0                         util_buffer
     0000009A  _IEN2                              util_buffer
     0000009B  G$S1CON$0$0                        util_buffer
     0000009B  _S1CON                             util_buffer
     0000009C  G$T2CT$0$0                         util_buffer
     0000009C  _T2CT                              util_buffer
     0000009D  G$T2PR$0$0                         util_buffer
     0000009D  _T2PR                              util_buffer
     0000009E  G$T2CTL$0$0                        util_buffer
     0000009E  _T2CTL                             util_buffer
     0000009F  G$_SFR9F$0$0                       util_buffer
     0000009F  __SFR9F                            util_buffer
     000000A0  G$P2$0$0                           util_buffer
     000000A0  G$P2_0$0$0                         util_buffer
     000000A0  _P2                                util_buffer
     000000A0  _P2_0                              util_buffer
     000000A1  G$P2_1$0$0                         util_buffer
     000000A1  G$WORIRQ$0$0                       util_buffer
     000000A1  _P2_1                              util_buffer
     000000A1  _WORIRQ                            util_buffer
     000000A2  G$P2_2$0$0                         util_buffer
     000000A2  G$WORCTRL$0$0                      util_buffer
     000000A2  _P2_2                              util_buffer
     000000A2  _WORCTRL                           util_buffer
     000000A3  G$P2_3$0$0                         util_buffer
     000000A3  G$WOREVT0$0$0                      util_buffer
     000000A3  _P2_3                              util_buffer
     000000A3  _WOREVT0                           util_buffer
     000000A4  G$P2_4$0$0                         util_buffer
     000000A4  G$WOREVT1$0$0                      util_buffer
     000000A4  _P2_4                              util_buffer
     000000A4  _WOREVT1                           util_buffer
     000000A5  G$P2_5$0$0                         util_buffer
     000000A5  G$WORTIME0$0$0                     util_buffer
     000000A5  _P2_5                              util_buffer
     000000A5  _WORTIME0                          util_buffer
     000000A6  G$P2_6$0$0                         util_buffer
     000000A6  G$WORTIME1$0$0                     util_buffer
     000000A6  _P2_6                              util_buffer
     000000A6  _WORTIME1                          util_buffer
     000000A7  G$P2_7$0$0                         util_buffer
     000000A7  G$_SFRA7$0$0                       util_buffer
     000000A7  _P2_7                              util_buffer
     000000A7  __SFRA7                            util_buffer
     000000A8  G$IEN0$0$0                         util_buffer
     000000A8  G$RFTXRXIE$0$0                     util_buffer
     000000A8  _IEN0                              util_buffer
     000000A8  _RFTXRXIE                          util_buffer
     000000A9  G$ADCIE$0$0                        util_buffer
ASxxxx Linker V03.00 + NoICE + sdld,  page 6.
Hexadecimal  [32-Bits]

Area                                    Addr        Size        Decimal Bytes (Attributes)
--------------------------------        ----        ----        ------- ----- ------------
.  .ABS.                            00000000    00000000 =           0. bytes (ABS,CON)

      Value  Global                              Global Defined In Module
      -----  --------------------------------   ------------------------
     000000A9  G$IP0$0$0                          util_buffer
     000000A9  _ADCIE                             util_buffer
     000000A9  _IP0                               util_buffer
     000000AA  G$URX0IE$0$0                       util_buffer
     000000AA  G$_SFRAA$0$0                       util_buffer
     000000AA  _URX0IE                            util_buffer
     000000AA  __SFRAA                            util_buffer
     000000AB  G$FWT$0$0                          util_buffer
     000000AB  G$URX1IE$0$0                       util_buffer
     000000AB  _FWT                               util_buffer
     000000AB  _URX1IE                            util_buffer
     000000AC  G$ENCIE$0$0                        util_buffer
     000000AC  G$FADDRL$0$0                       util_buffer
     000000AC  _ENCIE                             util_buffer
     000000AC  _FADDRL                            util_buffer
     000000AD  G$FADDRH$0$0                       util_buffer
     000000AD  G$STIE$0$0                         util_buffer
     000000AD  _FADDRH                            util_buffer
     000000AD  _STIE                              util_buffer
     000000AE  G$FCTL$0$0                         util_buffer
     000000AE  _FCTL                              util_buffer
     000000AF  G$EA$0$0                           util_buffer
     000000AF  G$FWDATA$0$0                       util_buffer
     000000AF  _EA                                util_buffer
     000000AF  _FWDATA                            util_buffer
     000000B0  G$_SFRB0$0$0                       util_buffer
     000000B0  __SFRB0                            util_buffer
     000000B1  G$ENCDI$0$0                        util_buffer
     000000B1  _ENCDI                             util_buffer
     000000B2  G$ENCDO$0$0                        util_buffer
     000000B2  _ENCDO                             util_buffer
     000000B3  G$ENCCS$0$0                        util_buffer
     000000B3  _ENCCS                             util_buffer
     000000B4  G$ADCCON1$0$0                      util_buffer
     000000B4  _ADCCON1                           util_buffer
     000000B5  G$ADCCON2$0$0                      util_buffer
     000000B5  _ADCCON2                           util_buffer
     000000B6  G$ADCCON3$0$0                      util_buffer
     000000B6  _ADCCON3                           util_buffer
     000000B7  G$_SFRB7$0$0                       util_buffer
     000000B7  __SFRB7                            util_buffer
     000000B8  G$DMAIE$0$0                        util_buffer
     000000B8  G$IEN1$0$0                         util_buffer
     000000B8  _DMAIE                             util_buffer
     000000B8  _IEN1                              util_buffer
     000000B9  G$IP1$0$0                          util_buffer
     000000B9  G$T1IE$0$0                         util_buffer
     000000B9  _IP1                               util_buffer
     000000B9  _T1IE                              util_buffer
     000000BA  G$ADCL$0$0                         util_buffer
     000000BA  G$T2IE$0$0                         util_buffer
ASxxxx Linker V03.00 + NoICE + sdld,  page 7.
Hexadecimal  [32-Bits]

Area                                    Addr        Size        Decimal Bytes (Attributes)
--------------------------------        ----        ----        ------- ----- ------------
.  .ABS.                            00000000    00000000 =           0. bytes (ABS,CON)

      Value  Global                              Global Defined In Module
      -----  --------------------------------   ------------------------
     000000BA  _ADCL                              util_buffer
     000000BA  _T2IE                              util_buffer
     000000BB  G$ADCH$0$0                         util_buffer
     000000BB  G$T3IE$0$0                         util_buffer
     000000BB  _ADCH                              util_buffer
     000000BB  _T3IE                              util_buffer
     000000BC  G$RNDL$0$0                         util_buffer
     000000BC  G$T4IE$0$0                         util_buffer
     000000BC  _RNDL                              util_buffer
     000000BC  _T4IE                              util_buffer
     000000BD  G$P0IE$0$0                         util_buffer
     000000BD  G$RNDH$0$0                         util_buffer
     000000BD  _P0IE                              util_buffer
     000000BD  _RNDH                              util_buffer
     000000BE  G$SLEEP$0$0                        util_buffer
     000000BE  _SLEEP                             util_buffer
     000000BF  G$_SFRBF$0$0                       util_buffer
     000000BF  __SFRBF                            util_buffer
     000000C0  G$DMAIF$0$0                        util_buffer
     000000C0  G$IRCON$0$0                        util_buffer
     000000C0  _DMAIF                             util_buffer
     000000C0  _IRCON                             util_buffer
     000000C1  G$T1IF$0$0                         util_buffer
     000000C1  G$U0DBUF$0$0                       util_buffer
     000000C1  _T1IF                              util_buffer
     000000C1  _U0DBUF                            util_buffer
     000000C2  G$T2IF$0$0                         util_buffer
     000000C2  G$U0BAUD$0$0                       util_buffer
     000000C2  _T2IF                              util_buffer
     000000C2  _U0BAUD                            util_buffer
     000000C3  G$T3IF$0$0                         util_buffer
     000000C3  G$_SFRC3$0$0                       util_buffer
     000000C3  _T3IF                              util_buffer
     000000C3  __SFRC3                            util_buffer
     000000C4  G$T4IF$0$0                         util_buffer
     000000C4  G$U0UCR$0$0                        util_buffer
     000000C4  _T4IF                              util_buffer
     000000C4  _U0UCR                             util_buffer
     000000C5  G$P0IF$0$0                         util_buffer
     000000C5  G$U0GCR$0$0                        util_buffer
     000000C5  _P0IF                              util_buffer
     000000C5  _U0GCR                             util_buffer
     000000C6  G$CLKCON$0$0                       util_buffer
     000000C6  _CLKCON                            util_buffer
     000000C7  G$MEMCTR$0$0                       util_buffer
     000000C7  G$STIF$0$0                         util_buffer
     000000C7  _MEMCTR                            util_buffer
     000000C7  _STIF                              util_buffer
     000000C8  G$_SFRC8$0$0                       util_buffer
     000000C8  __SFRC8                            util_buffer
     000000C9  G$WDCTL$0$0                        util_buffer
ASxxxx Linker V03.00 + NoICE + sdld,  page 8.
Hexadecimal  [32-Bits]

Area                                    Addr        Size        Decimal Bytes (Attributes)
--------------------------------        ----        ----        ------- ----- ------------
.  .ABS.                            00000000    00000000 =           0. bytes (ABS,CON)

      Value  Global                              Global Defined In Module
      -----  --------------------------------   ------------------------
     000000C9  _WDCTL                             util_buffer
     000000CA  G$T3CNT$0$0                        util_buffer
     000000CA  _T3CNT                             util_buffer
     000000CB  G$T3CTL$0$0                        util_buffer
     000000CB  _T3CTL                             util_buffer
     000000CC  G$T3CCTL0$0$0                      util_buffer
     000000CC  _T3CCTL0                           util_buffer
     000000CD  G$T3CC0$0$0                        util_buffer
     000000CD  _T3CC0                             util_buffer
     000000CE  G$T3CCTL1$0$0                      util_buffer
     000000CE  _T3CCTL1                           util_buffer
     000000CF  G$T3CC1$0$0                        util_buffer
     000000CF  _T3CC1                             util_buffer
     000000D0  G$P$0$0                            util_buffer
     000000D0  G$PSW$0$0                          util_buffer
     000000D0  _P                                 util_buffer
     000000D0  _PSW                               util_buffer
     000000D1  G$DMAIRQ$0$0                       util_buffer
     000000D1  G$F1$0$0                           util_buffer
     000000D1  _DMAIRQ                            util_buffer
     000000D1  _F1                                util_buffer
     000000D2  G$DMA1CFGL$0$0                     util_buffer
     000000D2  G$OV$0$0                           util_buffer
     000000D2  _DMA1CFGL                          util_buffer
     000000D2  _OV                                util_buffer
     000000D3  G$DMA1CFGH$0$0                     util_buffer
     000000D3  G$RS0$0$0                          util_buffer
     000000D3  _DMA1CFGH                          util_buffer
     000000D3  _RS0                               util_buffer
     000000D4  G$DMA0CFGL$0$0                     util_buffer
     000000D4  G$RS1$0$0                          util_buffer
     000000D4  _DMA0CFGL                          util_buffer
     000000D4  _RS1                               util_buffer
     000000D5  G$DMA0CFGH$0$0                     util_buffer
     000000D5  G$F0$0$0                           util_buffer
     000000D5  _DMA0CFGH                          util_buffer
     000000D5  _F0                                util_buffer
     000000D6  G$AC$0$0                           util_buffer
     000000D6  G$DMAARM$0$0                       util_buffer
     000000D6  _AC                                util_buffer
     000000D6  _DMAARM                            util_buffer
     000000D7  G$CY$0$0                           util_buffer
     000000D7  G$DMAREQ$0$0                       util_buffer
     000000D7  _CY                                util_buffer
     000000D7  _DMAREQ                            util_buffer
     000000D8  G$T3OVFIF$0$0                      util_buffer
     000000D8  G$TIMIF$0$0                        util_buffer
     000000D8  _T3OVFIF                           util_buffer
     000000D8  _TIMIF                             util_buffer
     000000D9  G$RFD$0$0                          util_buffer
     000000D9  G$T3CH0IF$0$0                      util_buffer
ASxxxx Linker V03.00 + NoICE + sdld,  page 9.
Hexadecimal  [32-Bits]

Area                                    Addr        Size        Decimal Bytes (Attributes)
--------------------------------        ----        ----        ------- ----- ------------
.  .ABS.                            00000000    00000000 =           0. bytes (ABS,CON)

      Value  Global                              Global Defined In Module
      -----  --------------------------------   ------------------------
     000000D9  _RFD                               util_buffer
     000000D9  _T3CH0IF                           util_buffer
     000000DA  G$T1CC0L$0$0                       util_buffer
     000000DA  G$T3CH1IF$0$0                      util_buffer
     000000DA  _T1CC0L                            util_buffer
     000000DA  _T3CH1IF                           util_buffer
     000000DB  G$T1CC0H$0$0                       util_buffer
     000000DB  G$T4OVFIF$0$0                      util_buffer
     000000DB  _T1CC0H                            util_buffer
     000000DB  _T4OVFIF                           util_buffer
     000000DC  G$T1CC1L$0$0                       util_buffer
     000000DC  G$T4CH0IF$0$0                      util_buffer
     000000DC  _T1CC1L                            util_buffer
     000000DC  _T4CH0IF                           util_buffer
     000000DD  G$T1CC1H$0$0                       util_buffer
     000000DD  G$T4CH1IF$0$0                      util_buffer
     000000DD  _T1CC1H                            util_buffer
     000000DD  _T4CH1IF                           util_buffer
     000000DE  G$OVFIM$0$0                        util_buffer
     000000DE  G$T1CC2L$0$0                       util_buffer
     000000DE  _OVFIM                             util_buffer
     000000DE  _T1CC2L                            util_buffer
     000000DF  G$T1CC2H$0$0                       util_buffer
     000000DF  _T1CC2H                            util_buffer
     000000E0  G$ACC$0$0                          util_buffer
     000000E0  G$ACC_0$0$0                        util_buffer
     000000E0  _ACC                               util_buffer
     000000E0  _ACC_0                             util_buffer
     000000E1  G$ACC_1$0$0                        util_buffer
     000000E1  G$RFST$0$0                         util_buffer
     000000E1  _ACC_1                             util_buffer
     000000E1  _RFST                              util_buffer
     000000E2  G$ACC_2$0$0                        util_buffer
     000000E2  G$T1CNTL$0$0                       util_buffer
     000000E2  _ACC_2                             util_buffer
     000000E2  _T1CNTL                            util_buffer
     000000E3  G$ACC_3$0$0                        util_buffer
     000000E3  G$T1CNTH$0$0                       util_buffer
     000000E3  _ACC_3                             util_buffer
     000000E3  _T1CNTH                            util_buffer
     000000E4  G$ACC_4$0$0                        util_buffer
     000000E4  G$T1CTL$0$0                        util_buffer
     000000E4  _ACC_4                             util_buffer
     000000E4  _T1CTL                             util_buffer
     000000E5  G$ACC_5$0$0                        util_buffer
     000000E5  G$T1CCTL0$0$0                      util_buffer
     000000E5  _ACC_5                             util_buffer
     000000E5  _T1CCTL0                           util_buffer
     000000E6  G$ACC_6$0$0                        util_buffer
     000000E6  G$T1CCTL1$0$0                      util_buffer
     000000E6  _ACC_6                             util_buffer
ASxxxx Linker V03.00 + NoICE + sdld,  page 10.
Hexadecimal  [32-Bits]

Area                                    Addr        Size        Decimal Bytes (Attributes)
--------------------------------        ----        ----        ------- ----- ------------
.  .ABS.                            00000000    00000000 =           0. bytes (ABS,CON)

      Value  Global                              Global Defined In Module
      -----  --------------------------------   ------------------------
     000000E6  _T1CCTL1                           util_buffer
     000000E7  G$ACC_7$0$0                        util_buffer
     000000E7  G$T1CCTL2$0$0                      util_buffer
     000000E7  _ACC_7                             util_buffer
     000000E7  _T1CCTL2                           util_buffer
     000000E8  G$IRCON2$0$0                       util_buffer
     000000E8  G$P2IF$0$0                         util_buffer
     000000E8  _IRCON2                            util_buffer
     000000E8  _P2IF                              util_buffer
     000000E9  G$RFIF$0$0                         util_buffer
     000000E9  G$UTX0IF$0$0                       util_buffer
     000000E9  _RFIF                              util_buffer
     000000E9  _UTX0IF                            util_buffer
     000000EA  G$T4CNT$0$0                        util_buffer
     000000EA  G$UTX1IF$0$0                       util_buffer
     000000EA  _T4CNT                             util_buffer
     000000EA  _UTX1IF                            util_buffer
     000000EB  G$P1IF$0$0                         util_buffer
     000000EB  G$T4CTL$0$0                        util_buffer
     000000EB  _P1IF                              util_buffer
     000000EB  _T4CTL                             util_buffer
     000000EC  G$T4CCTL0$0$0                      util_buffer
     000000EC  G$WDTIF$0$0                        util_buffer
     000000EC  _T4CCTL0                           util_buffer
     000000EC  _WDTIF                             util_buffer
     000000ED  G$T4CC0$0$0                        util_buffer
     000000ED  _T4CC0                             util_buffer
     000000EE  G$T4CCTL1$0$0                      util_buffer
     000000EE  _T4CCTL1                           util_buffer
     000000EF  G$T4CC1$0$0                        util_buffer
     000000EF  _T4CC1                             util_buffer
     000000F0  G$B$0$0                            util_buffer
     000000F0  G$B_0$0$0                          util_buffer
     000000F0  _B                                 util_buffer
     000000F0  _B_0                               util_buffer
     000000F1  G$B_1$0$0                          util_buffer
     000000F1  G$PERCFG$0$0                       util_buffer
     000000F1  _B_1                               util_buffer
     000000F1  _PERCFG                            util_buffer
     000000F2  G$ADCCFG$0$0                       util_buffer
     000000F2  G$B_2$0$0                          util_buffer
     000000F2  _ADCCFG                            util_buffer
     000000F2  _B_2                               util_buffer
     000000F3  G$B_3$0$0                          util_buffer
     000000F3  G$P0SEL$0$0                        util_buffer
     000000F3  _B_3                               util_buffer
     000000F3  _P0SEL                             util_buffer
     000000F4  G$B_4$0$0                          util_buffer
     000000F4  G$P1SEL$0$0                        util_buffer
     000000F4  _B_4                               util_buffer
     000000F4  _P1SEL                             util_buffer
ASxxxx Linker V03.00 + NoICE + sdld,  page 11.
Hexadecimal  [32-Bits]

Area                                    Addr        Size        Decimal Bytes (Attributes)
--------------------------------        ----        ----        ------- ----- ------------
.  .ABS.                            00000000    00000000 =           0. bytes (ABS,CON)

      Value  Global                              Global Defined In Module
      -----  --------------------------------   ------------------------
     000000F5  G$B_5$0$0                          util_buffer
     000000F5  G$P2SEL$0$0                        util_buffer
     000000F5  _B_5                               _gptrget
     000000F5  _P2SEL                             util_buffer
     000000F6  G$B_6$0$0                          util_buffer
     000000F6  G$P1INP$0$0                        util_buffer
     000000F6  _B_6                               _gptrget
     000000F6  _P1INP                             util_buffer
     000000F7  G$B_7$0$0                          util_buffer
     000000F7  G$P2INP$0$0                        util_buffer
     000000F7  _B_7                               _gptrget
     000000F7  _P2INP                             util_buffer
     000000F8  G$ACTIVE$0$0                       util_buffer
     000000F8  G$U1CSR$0$0                        util_buffer
     000000F8  _ACTIVE                            util_buffer
     000000F8  _U1CSR                             util_buffer
     000000F9  G$TX_BYTE$0$0                      util_buffer
     000000F9  G$U1DBUF$0$0                       util_buffer
     000000F9  _TX_BYTE                           util_buffer
     000000F9  _U1DBUF                            util_buffer
     000000FA  G$RX_BYTE$0$0                      util_buffer
     000000FA  G$U1BAUD$0$0                       util_buffer
     000000FA  _RX_BYTE                           util_buffer
     000000FA  _U1BAUD                            util_buffer
     000000FB  G$ERR$0$0                          util_buffer
     000000FB  G$U1UCR$0$0                        util_buffer
     000000FB  _ERR                               util_buffer
     000000FB  _U1UCR                             util_buffer
     000000FC  G$FE$0$0                           util_buffer
     000000FC  G$U1GCR$0$0                        util_buffer
     000000FC  _FE                                util_buffer
     000000FC  _U1GCR                             util_buffer
     000000FD  G$P0DIR$0$0                        util_buffer
     000000FD  G$SLAVE$0$0                        util_buffer
     000000FD  _P0DIR                             util_buffer
     000000FD  _SLAVE                             util_buffer
     000000FE  G$P1DIR$0$0                        util_buffer
     000000FE  G$RE$0$0                           util_buffer
     000000FE  _P1DIR                             util_buffer
     000000FE  _RE                                util_buffer
     000000FF  G$MODE$0$0                         util_buffer
     000000FF  G$P2DIR$0$0                        util_buffer
     000000FF  _MODE                              util_buffer
     000000FF  _P2DIR                             util_buffer
     0000DF00  G$SYNC1$0$0                        util_buffer
     0000DF00  _SYNC1                             util_buffer
     0000DF01  G$SYNC0$0$0                        util_buffer
     0000DF01  _SYNC0                             util_buffer
     0000DF02  G$MDMCTRL0H$0$0                    util_buffer
     0000DF02  G$PKTLEN$0$0                       util_buffer
     0000DF02  _MDMCTRL0H                         util_buffer
ASxxxx Linker V03.00 + NoICE + sdld,  page 12.
Hexadecimal  [32-Bits]

Area                                    Addr        Size        Decimal Bytes (Attributes)
--------------------------------        ----        ----        ------- ----- ------------
.  .ABS.                            00000000    00000000 =           0. bytes (ABS,CON)

      Value  Global                              Global Defined In Module
      -----  --------------------------------   ------------------------
     0000DF02  _PKTLEN                            util_buffer
     0000DF03  G$PKTCTRL1$0$0                     util_buffer
     0000DF03  _PKTCTRL1                          util_buffer
     0000DF04  G$PKTCTRL0$0$0                     util_buffer
     0000DF04  _PKTCTRL0                          util_buffer
     0000DF05  G$ADDR$0$0                         util_buffer
     0000DF05  _ADDR                              util_buffer
     0000DF06  G$CHANNR$0$0                       util_buffer
     0000DF06  _CHANNR                            util_buffer
     0000DF07  G$FSCTRL1$0$0                      util_buffer
     0000DF07  _FSCTRL1                           util_buffer
     0000DF08  G$FSCTRL0$0$0                      util_buffer
     0000DF08  _FSCTRL0                           util_buffer
     0000DF09  G$FREQ2$0$0                        util_buffer
     0000DF09  _FREQ2                             util_buffer
     0000DF0A  G$FREQ1$0$0                        util_buffer
     0000DF0A  _FREQ1                             util_buffer
     0000DF0B  G$FREQ0$0$0                        util_buffer
     0000DF0B  _FREQ0                             util_buffer
     0000DF0C  G$MDMCFG4$0$0                      util_buffer
     0000DF0C  _MDMCFG4                           util_buffer
     0000DF0D  G$MDMCFG3$0$0                      util_buffer
     0000DF0D  _MDMCFG3                           util_buffer
     0000DF0E  G$MDMCFG2$0$0                      util_buffer
     0000DF0E  _MDMCFG2                           util_buffer
     0000DF0F  G$MDMCFG1$0$0                      util_buffer
     0000DF0F  _MDMCFG1                           util_buffer
     0000DF10  G$MDMCFG0$0$0                      util_buffer
     0000DF10  _MDMCFG0                           util_buffer
     0000DF11  G$DEVIATN$0$0                      util_buffer
     0000DF11  _DEVIATN                           util_buffer
     0000DF12  G$MCSM2$0$0                        util_buffer
     0000DF12  _MCSM2                             util_buffer
     0000DF13  G$MCSM1$0$0                        util_buffer
     0000DF13  _MCSM1                             util_buffer
     0000DF14  G$MCSM0$0$0                        util_buffer
     0000DF14  _MCSM0                             util_buffer
     0000DF15  G$FOCCFG$0$0                       util_buffer
     0000DF15  _FOCCFG                            util_buffer
     0000DF16  G$BSCFG$0$0                        util_buffer
     0000DF16  _BSCFG                             util_buffer
     0000DF17  G$AGCCTRL2$0$0                     util_buffer
     0000DF17  _AGCCTRL2                          util_buffer
     0000DF18  G$AGCCTRL1$0$0                     util_buffer
     0000DF18  _AGCCTRL1                          util_buffer
     0000DF19  G$AGCCTRL0$0$0                     util_buffer
     0000DF19  _AGCCTRL0                          util_buffer
     0000DF1A  G$FREND1$0$0                       util_buffer
     0000DF1A  _FREND1                            util_buffer
     0000DF1B  G$FREND0$0$0                       util_buffer
     0000DF1B  _FREND0                            util_buffer
ASxxxx Linker V03.00 + NoICE + sdld,  page 13.
Hexadecimal  [32-Bits]

Area                                    Addr        Size        Decimal Bytes (Attributes)
--------------------------------        ----        ----        ------- ----- ------------
.  .ABS.                            00000000    00000000 =           0. bytes (ABS,CON)

      Value  Global                              Global Defined In Module
      -----  --------------------------------   ------------------------
     0000DF1C  G$FSCAL3$0$0                       util_buffer
     0000DF1C  _FSCAL3                            util_buffer
     0000DF1D  G$FSCAL2$0$0                       util_buffer
     0000DF1D  _FSCAL2                            util_buffer
     0000DF1E  G$FSCAL1$0$0                       util_buffer
     0000DF1E  _FSCAL1                            util_buffer
     0000DF1F  G$FSCAL0$0$0                       util_buffer
     0000DF1F  _FSCAL0                            util_buffer
     0000DF20  G$_XREGDF20$0$0                    util_buffer
     0000DF20  __XREGDF20                         util_buffer
     0000DF21  G$_XREGDF21$0$0                    util_buffer
     0000DF21  __XREGDF21                         util_buffer
     0000DF22  G$_XREGDF22$0$0                    util_buffer
     0000DF22  __XREGDF22                         util_buffer
     0000DF23  G$TEST2$0$0                        util_buffer
     0000DF23  _TEST2                             util_buffer
     0000DF24  G$TEST1$0$0                        util_buffer
     0000DF24  _TEST1                             util_buffer
     0000DF25  G$TEST0$0$0                        util_buffer
     0000DF25  _TEST0                             util_buffer
     0000DF26  G$_XREGDF26$0$0                    util_buffer
     0000DF26  __XREGDF26                         util_buffer
     0000DF27  G$PA_TABLE7$0$0                    util_buffer
     0000DF27  _PA_TABLE7                         util_buffer
     0000DF28  G$PA_TABLE6$0$0                    util_buffer
     0000DF28  _PA_TABLE6                         util_buffer
     0000DF29  G$PA_TABLE5$0$0                    util_buffer
     0000DF29  _PA_TABLE5                         util_buffer
     0000DF2A  G$PA_TABLE4$0$0                    util_buffer
     0000DF2A  _PA_TABLE4                         util_buffer
     0000DF2B  G$PA_TABLE3$0$0                    util_buffer
     0000DF2B  _PA_TABLE3                         util_buffer
     0000DF2C  G$PA_TABLE2$0$0                    util_buffer
     0000DF2C  _PA_TABLE2                         util_buffer
     0000DF2D  G$PA_TABLE1$0$0                    util_buffer
     0000DF2D  _PA_TABLE1                         util_buffer
     0000DF2E  G$PA_TABLE0$0$0                    util_buffer
     0000DF2E  _PA_TABLE0                         util_buffer
     0000DF2F  G$IOCFG2$0$0                       util_buffer
     0000DF2F  _IOCFG2                            util_buffer
     0000DF30  G$IOCFG1$0$0                       util_buffer
     0000DF30  _IOCFG1                            util_buffer
     0000DF31  G$IOCFG0$0$0                       util_buffer
     0000DF31  _IOCFG0                            util_buffer
     0000DF32  G$_XREGDF32$0$0                    util_buffer
     0000DF32  __XREGDF32                         util_buffer
     0000DF33  G$_XREGDF33$0$0                    util_buffer
     0000DF33  __XREGDF33                         util_buffer
     0000DF34  G$_XREGDF34$0$0                    util_buffer
     0000DF34  __XREGDF34                         util_buffer
     0000DF35  G$_XREGDF35$0$0                    util_buffer
ASxxxx Linker V03.00 + NoICE + sdld,  page 14.
Hexadecimal  [32-Bits]

Area                                    Addr        Size        Decimal Bytes (Attributes)
--------------------------------        ----        ----        ------- ----- ------------
.  .ABS.                            00000000    00000000 =           0. bytes (ABS,CON)

      Value  Global                              Global Defined In Module
      -----  --------------------------------   ------------------------
     0000DF35  __XREGDF35                         util_buffer
     0000DF36  G$PARTNUM$0$0                      util_buffer
     0000DF36  _PARTNUM                           util_buffer
     0000DF37  G$VERSION$0$0                      util_buffer
     0000DF37  _VERSION                           util_buffer
     0000DF38  G$FREQEST$0$0                      util_buffer
     0000DF38  _FREQEST                           util_buffer
     0000DF39  G$LQI$0$0                          util_buffer
     0000DF39  _LQI                               util_buffer
     0000DF3A  G$RSSI$0$0                         util_buffer
     0000DF3A  _RSSI                              util_buffer
     0000DF3B  G$MARCSTATE$0$0                    util_buffer
     0000DF3B  _MARCSTATE                         util_buffer
     0000DF3C  G$PKTSTATUS$0$0                    util_buffer
     0000DF3C  _PKTSTATUS                         util_buffer
     0000DF3D  G$VCO_VC_DAC$0$0                   util_buffer
     0000DF3D  _VCO_VC_DAC                        util_buffer
     0000DF40  G$I2SCFG0$0$0                      util_buffer
     0000DF40  _I2SCFG0                           util_buffer
     0000DF41  G$I2SCFG1$0$0                      util_buffer
     0000DF41  _I2SCFG1                           util_buffer
     0000DF42  G$I2SDATL$0$0                      util_buffer
     0000DF42  _I2SDATL                           util_buffer
     0000DF43  G$I2SDATH$0$0                      util_buffer
     0000DF43  _I2SDATH                           util_buffer
     0000DF44  G$I2SWCNT$0$0                      util_buffer
     0000DF44  _I2SWCNT                           util_buffer
     0000DF45  G$I2SSTAT$0$0                      util_buffer
     0000DF45  _I2SSTAT                           util_buffer
     0000DF46  G$I2SCLKF0$0$0                     util_buffer
     0000DF46  _I2SCLKF0                          util_buffer
     0000DF47  G$I2SCLKF1$0$0                     util_buffer
     0000DF47  _I2SCLKF1                          util_buffer
     0000DF48  G$I2SCLKF2$0$0                     util_buffer
     0000DF48  _I2SCLKF2                          util_buffer
     0000DF80  G$_NA_P0$0$0                       util_buffer
     0000DF80  __NA_P0                            util_buffer
     0000DF81  G$_NA_SP$0$0                       util_buffer
     0000DF81  __NA_SP                            util_buffer
     0000DF82  G$_NA_DPL0$0$0                     util_buffer
     0000DF82  __NA_DPL0                          util_buffer
     0000DF83  G$_NA_DPH0$0$0                     util_buffer
     0000DF83  __NA_DPH0                          util_buffer
     0000DF84  G$_NA_DPL1$0$0                     util_buffer
     0000DF84  __NA_DPL1                          util_buffer
     0000DF85  G$_NA_DPH1$0$0                     util_buffer
     0000DF85  __NA_DPH1                          util_buffer
     0000DF86  G$X_U0CSR$0$0                      util_buffer
     0000DF86  _X_U0CSR                           util_buffer
     0000DF87  G$_NA_PCON$0$0                     util_buffer
     0000DF87  __NA_PCON                          util_buffer
ASxxxx Linker V03.00 + NoICE + sdld,  page 15.
Hexadecimal  [32-Bits]

Area                                    Addr        Size        Decimal Bytes (Attributes)
--------------------------------        ----        ----        ------- ----- ------------
.  .ABS.                            00000000    00000000 =           0. bytes (ABS,CON)

      Value  Global                              Global Defined In Module
      -----  --------------------------------   ------------------------
     0000DF88  G$_NA_TCON$0$0                     util_buffer
     0000DF88  __NA_TCON                          util_buffer
     0000DF89  G$X_P0IFG$0$0                      util_buffer
     0000DF89  _X_P0IFG                           util_buffer
     0000DF8A  G$X_P1IFG$0$0                      util_buffer
     0000DF8A  _X_P1IFG                           util_buffer
     0000DF8B  G$X_P2IFG$0$0                      util_buffer
     0000DF8B  _X_P2IFG                           util_buffer
     0000DF8C  G$X_PICTL$0$0                      util_buffer
     0000DF8C  _X_PICTL                           util_buffer
     0000DF8D  G$X_P1IEN$0$0                      util_buffer
     0000DF8D  _X_P1IEN                           util_buffer
     0000DF8E  G$_X_SFR8E$0$0                     util_buffer
     0000DF8E  __X_SFR8E                          util_buffer
     0000DF8F  G$X_P0INP$0$0                      util_buffer
     0000DF8F  _X_P0INP                           util_buffer
     0000DF90  G$_NA_P1$0$0                       util_buffer
     0000DF90  __NA_P1                            util_buffer
     0000DF91  G$X_RFIM$0$0                       util_buffer
     0000DF91  _X_RFIM                            util_buffer
     0000DF92  G$_NA_DPS$0$0                      util_buffer
     0000DF92  __NA_DPS                           util_buffer
     0000DF93  G$X_MPAGE$0$0                      util_buffer
     0000DF93  _X_MPAGE                           util_buffer
     0000DF94  G$_X_SFR94$0$0                     util_buffer
     0000DF94  __X_SFR94                          util_buffer
     0000DF95  G$_X_SFR95$0$0                     util_buffer
     0000DF95  __X_SFR95                          util_buffer
     0000DF96  G$_X_SFR96$0$0                     util_buffer
     0000DF96  __X_SFR96                          util_buffer
     0000DF97  G$_X_SFR97$0$0                     util_buffer
     0000DF97  __X_SFR97                          util_buffer
     0000DF98  G$_NA_S0CON$0$0                    util_buffer
     0000DF98  __NA_S0CON                         util_buffer
     0000DF99  G$_X_SFR99$0$0                     util_buffer
     0000DF99  __X_SFR99                          util_buffer
     0000DF9A  G$_NA_IEN2$0$0                     util_buffer
     0000DF9A  __NA_IEN2                          util_buffer
     0000DF9B  G$_NA_S1CON$0$0                    util_buffer
     0000DF9B  __NA_S1CON                         util_buffer
     0000DF9C  G$X_T2CT$0$0                       util_buffer
     0000DF9C  _X_T2CT                            util_buffer
     0000DF9D  G$X_T2PR$0$0                       util_buffer
     0000DF9D  _X_T2PR                            util_buffer
     0000DF9E  G$X_T2CTL$0$0                      util_buffer
     0000DF9E  _X_T2CTL                           util_buffer
     0000DF9F  G$_X_SFR9F$0$0                     util_buffer
     0000DF9F  __X_SFR9F                          util_buffer
     0000DFA0  G$_NA_P2$0$0                       util_buffer
     0000DFA0  __NA_P2                            util_buffer
     0000DFA1  G$X_WORIRQ$0$0                     util_buffer
ASxxxx Linker V03.00 + NoICE + sdld,  page 16.
Hexadecimal  [32-Bits]

Area                                    Addr        Size        Decimal Bytes (Attributes)
--------------------------------        ----        ----        ------- ----- ------------
.  .ABS.                            00000000    00000000 =           0. bytes (ABS,CON)

      Value  Global                              Global Defined In Module
      -----  --------------------------------   ------------------------
     0000DFA1  _X_WORIRQ                          util_buffer
     0000DFA2  G$X_WORCTRL$0$0                    util_buffer
     0000DFA2  _X_WORCTRL                         util_buffer
     0000DFA3  G$X_WOREVT0$0$0                    util_buffer
     0000DFA3  _X_WOREVT0                         util_buffer
     0000DFA4  G$X_WOREVT1$0$0                    util_buffer
     0000DFA4  _X_WOREVT1                         util_buffer
     0000DFA5  G$X_WORTIME0$0$0                   util_buffer
     0000DFA5  _X_WORTIME0                        util_buffer
     0000DFA6  G$X_WORTIME1$0$0                   util_buffer
     0000DFA6  _X_WORTIME1                        util_buffer
     0000DFA7  G$_X_SFRA7$0$0                     util_buffer
     0000DFA7  __X_SFRA7                          util_buffer
     0000DFA8  G$_NA_IEN0$0$0                     util_buffer
     0000DFA8  __NA_IEN0                          util_buffer
     0000DFA9  G$_NA_IP0$0$0                      util_buffer
     0000DFA9  __NA_IP0                           util_buffer
     0000DFAA  G$_X_SFRAA$0$0                     util_buffer
     0000DFAA  __X_SFRAA                          util_buffer
     0000DFAB  G$X_FWT$0$0                        util_buffer
     0000DFAB  _X_FWT                             util_buffer
     0000DFAC  G$X_FADDRL$0$0                     util_buffer
     0000DFAC  _X_FADDRL                          util_buffer
     0000DFAD  G$X_FADDRH$0$0                     util_buffer
     0000DFAD  _X_FADDRH                          util_buffer
     0000DFAE  G$X_FCTL$0$0                       util_buffer
     0000DFAE  _X_FCTL                            util_buffer
     0000DFAF  G$X_FWDATA$0$0                     util_buffer
     0000DFAF  _X_FWDATA                          util_buffer
     0000DFB0  G$_X_SFRB0$0$0                     util_buffer
     0000DFB0  __X_SFRB0                          util_buffer
     0000DFB1  G$X_ENCDI$0$0                      util_buffer
     0000DFB1  _X_ENCDI                           util_buffer
     0000DFB2  G$X_ENCDO$0$0                      util_buffer
     0000DFB2  _X_ENCDO                           util_buffer
     0000DFB3  G$X_ENCCS$0$0                      util_buffer
     0000DFB3  _X_ENCCS                           util_buffer
     0000DFB4  G$X_ADCCON1$0$0                    util_buffer
     0000DFB4  _X_ADCCON1                         util_buffer
     0000DFB5  G$X_ADCCON2$0$0                    util_buffer
     0000DFB5  _X_ADCCON2                         util_buffer
     0000DFB6  G$X_ADCCON3$0$0                    util_buffer
     0000DFB6  _X_ADCCON3                         util_buffer
     0000DFB7  G$_X_SFRB7$0$0                     util_buffer
     0000DFB7  __X_SFRB7                          util_buffer
     0000DFB8  G$_NA_IEN1$0$0                     util_buffer
     0000DFB8  __NA_IEN1                          util_buffer
     0000DFB9  G$_NA_IP1$0$0                      util_buffer
     0000DFB9  __NA_IP1                           util_buffer
     0000DFBA  G$X_ADCL$0$0                       util_buffer
     0000DFBA  _X_ADCL                            util_buffer
ASxxxx Linker V03.00 + NoICE + sdld,  page 17.
Hexadecimal  [32-Bits]

Area                                    Addr        Size        Decimal Bytes (Attributes)
--------------------------------        ----        ----        ------- ----- ------------
.  .ABS.                            00000000    00000000 =           0. bytes (ABS,CON)

      Value  Global                              Global Defined In Module
      -----  --------------------------------   ------------------------
     0000DFBB  G$X_ADCH$0$0                       util_buffer
     0000DFBB  _X_ADCH                            util_buffer
     0000DFBC  G$X_RNDL$0$0                       util_buffer
     0000DFBC  _X_RNDL                            util_buffer
     0000DFBD  G$X_RNDH$0$0                       util_buffer
     0000DFBD  _X_RNDH                            util_buffer
     0000DFBE  G$X_SLEEP$0$0                      util_buffer
     0000DFBE  _X_SLEEP                           util_buffer
     0000DFBF  G$_X_SFRBF$0$0                     util_buffer
     0000DFBF  __X_SFRBF                          util_buffer
     0000DFC0  G$_NA_IRCON$0$0                    util_buffer
     0000DFC0  __NA_IRCON                         util_buffer
     0000DFC1  G$X_U0DBUF$0$0                     util_buffer
     0000DFC1  _X_U0DBUF                          util_buffer
     0000DFC2  G$X_U0BAUD$0$0                     util_buffer
     0000DFC2  _X_U0BAUD                          util_buffer
     0000DFC3  G$_X_SFRC3$0$0                     util_buffer
     0000DFC3  __X_SFRC3                          util_buffer
     0000DFC4  G$X_U0UCR$0$0                      util_buffer
     0000DFC4  _X_U0UCR                           util_buffer
     0000DFC5  G$X_U0GCR$0$0                      util_buffer
     0000DFC5  _X_U0GCR                           util_buffer
     0000DFC6  G$X_CLKCON$0$0                     util_buffer
     0000DFC6  _X_CLKCON                          util_buffer
     0000DFC7  G$X_MEMCTR$0$0                     util_buffer
     0000DFC7  _X_MEMCTR                          util_buffer
     0000DFC8  G$_X_SFRC8$0$0                     util_buffer
     0000DFC8  __X_SFRC8                          util_buffer
     0000DFC9  G$X_WDCTL$0$0                      util_buffer
     0000DFC9  _X_WDCTL                           util_buffer
     0000DFCA  G$X_T3CNT$0$0                      util_buffer
     0000DFCA  _X_T3CNT                           util_buffer
     0000DFCB  G$X_T3CTL$0$0                      util_buffer
     0000DFCB  _X_T3CTL                           util_buffer
     0000DFCC  G$X_T3CCTL0$0$0                    util_buffer
     0000DFCC  _X_T3CCTL0                         util_buffer
     0000DFCD  G$X_T3CC0$0$0                      util_buffer
     0000DFCD  _X_T3CC0                           util_buffer
     0000DFCE  G$X_T3CCTL1$0$0                    util_buffer
     0000DFCE  _X_T3CCTL1                         util_buffer
     0000DFCF  G$X_T3CC1$0$0                      util_buffer
     0000DFCF  _X_T3CC1                           util_buffer
     0000DFD0  G$_NA_PSW$0$0                      util_buffer
     0000DFD0  __NA_PSW                           util_buffer
     0000DFD1  G$X_DMAIRQ$0$0                     util_buffer
     0000DFD1  _X_DMAIRQ                          util_buffer
     0000DFD2  G$X_DMA1CFGL$0$0                   util_buffer
     0000DFD2  _X_DMA1CFGL                        util_buffer
     0000DFD3  G$X_DMA1CFGH$0$0                   util_buffer
     0000DFD3  _X_DMA1CFGH                        util_buffer
     0000DFD4  G$X_DMA0CFGL$0$0                   util_buffer
ASxxxx Linker V03.00 + NoICE + sdld,  page 18.
Hexadecimal  [32-Bits]

Area                                    Addr        Size        Decimal Bytes (Attributes)
--------------------------------        ----        ----        ------- ----- ------------
.  .ABS.                            00000000    00000000 =           0. bytes (ABS,CON)

      Value  Global                              Global Defined In Module
      -----  --------------------------------   ------------------------
     0000DFD4  _X_DMA0CFGL                        util_buffer
     0000DFD5  G$X_DMA0CFGH$0$0                   util_buffer
     0000DFD5  _X_DMA0CFGH                        util_buffer
     0000DFD6  G$X_DMAARM$0$0                     util_buffer
     0000DFD6  _X_DMAARM                          util_buffer
     0000DFD7  G$X_DMAREQ$0$0                     util_buffer
     0000DFD7  _X_DMAREQ                          util_buffer
     0000DFD8  G$X_TIMIF$0$0                      util_buffer
     0000DFD8  _X_TIMIF                           util_buffer
     0000DFD9  G$X_RFD$0$0                        util_buffer
     0000DFD9  _X_RFD                             util_buffer
     0000DFDA  G$X_T1CC0L$0$0                     util_buffer
     0000DFDA  _X_T1CC0L                          util_buffer
     0000DFDB  G$X_T1CC0H$0$0                     util_buffer
     0000DFDB  _X_T1CC0H                          util_buffer
     0000DFDC  G$X_T1CC1L$0$0                     util_buffer
     0000DFDC  _X_T1CC1L                          util_buffer
     0000DFDD  G$X_T1CC1H$0$0                     util_buffer
     0000DFDD  _X_T1CC1H                          util_buffer
     0000DFDE  G$X_T1CC2L$0$0                     util_buffer
     0000DFDE  _X_T1CC2L                          util_buffer
     0000DFDF  G$X_T1CC2H$0$0                     util_buffer
     0000DFDF  _X_T1CC2H                          util_buffer
     0000DFE0  G$_NA_ACC$0$0                      util_buffer
     0000DFE0  __NA_ACC                           util_buffer
     0000DFE1  G$X_RFST$0$0                       util_buffer
     0000DFE1  _X_RFST                            util_buffer
     0000DFE2  G$X_T1CNTL$0$0                     util_buffer
     0000DFE2  _X_T1CNTL                          util_buffer
     0000DFE3  G$X_T1CNTH$0$0                     util_buffer
     0000DFE3  _X_T1CNTH                          util_buffer
     0000DFE4  G$X_T1CTL$0$0                      util_buffer
     0000DFE4  _X_T1CTL                           util_buffer
     0000DFE5  G$X_T1CCTL0$0$0                    util_buffer
     0000DFE5  _X_T1CCTL0                         util_buffer
     0000DFE6  G$X_T1CCTL1$0$0                    util_buffer
     0000DFE6  _X_T1CCTL1                         util_buffer
     0000DFE7  G$X_T1CCTL2$0$0                    util_buffer
     0000DFE7  _X_T1CCTL2                         util_buffer
     0000DFE8  G$_NA_IRCON2$0$0                   util_buffer
     0000DFE8  __NA_IRCON2                        util_buffer
     0000DFE9  G$X_RFIF$0$0                       util_buffer
     0000DFE9  _X_RFIF                            util_buffer
     0000DFEA  G$X_T4CNT$0$0                      util_buffer
     0000DFEA  _X_T4CNT                           util_buffer
     0000DFEB  G$X_T4CTL$0$0                      util_buffer
     0000DFEB  _X_T4CTL                           util_buffer
     0000DFEC  G$X_T4CCTL0$0$0                    util_buffer
     0000DFEC  _X_T4CCTL0                         util_buffer
     0000DFED  G$X_T4CC0$0$0                      util_buffer
     0000DFED  _X_T4CC0                           util_buffer
ASxxxx Linker V03.00 + NoICE + sdld,  page 19.
Hexadecimal  [32-Bits]

Area                                    Addr        Size        Decimal Bytes (Attributes)
--------------------------------        ----        ----        ------- ----- ------------
.  .ABS.                            00000000    00000000 =           0. bytes (ABS,CON)

      Value  Global                              Global Defined In Module
      -----  --------------------------------   ------------------------
     0000DFEE  G$X_T4CCTL1$0$0                    util_buffer
     0000DFEE  _X_T4CCTL1                         util_buffer
     0000DFEF  G$X_T4CC1$0$0                      util_buffer
     0000DFEF  _X_T4CC1                           util_buffer
     0000DFF0  G$_NA_B$0$0                        util_buffer
     0000DFF0  __NA_B                             util_buffer
     0000DFF1  G$X_PERCFG$0$0                     util_buffer
     0000DFF1  _X_PERCFG                          util_buffer
     0000DFF2  G$X_ADCCFG$0$0                     util_buffer
     0000DFF2  _X_ADCCFG                          util_buffer
     0000DFF3  G$X_P0SEL$0$0                      util_buffer
     0000DFF3  _X_P0SEL                           util_buffer
     0000DFF4  G$X_P1SEL$0$0                      util_buffer
     0000DFF4  _X_P1SEL                           util_buffer
     0000DFF5  G$X_P2SEL$0$0                      util_buffer
     0000DFF5  _X_P2SEL                           util_buffer
     0000DFF6  G$X_P1INP$0$0                      util_buffer
     0000DFF6  _X_P1INP                           util_buffer
     0000DFF7  G$X_P2INP$0$0                      util_buffer
     0000DFF7  _X_P2INP                           util_buffer
     0000DFF8  G$X_U1CSR$0$0                      util_buffer
     0000DFF8  _X_U1CSR                           util_buffer
     0000DFF9  G$X_U1DBUF$0$0                     util_buffer
     0000DFF9  _X_U1DBUF                          util_buffer
     0000DFFA  G$X_U1BAUD$0$0                     util_buffer
     0000DFFA  _X_U1BAUD                          util_buffer
     0000DFFB  G$X_U1UCR$0$0                      util_buffer
     0000DFFB  _X_U1UCR                           util_buffer
     0000DFFC  G$X_U1GCR$0$0                      util_buffer
     0000DFFC  _X_U1GCR                           util_buffer
     0000DFFD  G$X_P0DIR$0$0                      util_buffer
     0000DFFD  _X_P0DIR                           util_buffer
     0000DFFE  G$X_P1DIR$0$0                      util_buffer
     0000DFFE  _X_P1DIR                           util_buffer
     0000DFFF  G$X_P2DIR$0$0                      util_buffer
     0000DFFF  _X_P2DIR                           util_buffer

ASxxxx Linker V03.00 + NoICE + sdld,  page 20.
Hexadecimal  [32-Bits]

Area                                    Addr        Size        Decimal Bytes (Attributes)
--------------------------------        ----        ----        ------- ----- ------------
REG_BANK_0                          00000000    00000008 =           8. bytes (REL,OVR)

      Value  Global                              Global Defined In Module
      -----  --------------------------------   ------------------------
ASxxxx Linker V03.00 + NoICE + sdld,  page 21.
Hexadecimal  [32-Bits]

Area                                    Addr        Size        Decimal Bytes (Attributes)
--------------------------------        ----        ----        ------- ----- ------------
BIT_BANK                            00000020    00000001 =           1. bytes (REL,OVR)

      Value  Global                              Global Defined In Module
      -----  --------------------------------   ------------------------
ASxxxx Linker V03.00 + NoICE + sdld,  page 22.
Hexadecimal  [32-Bits]

Area                                    Addr        Size        Decimal Bytes (Attributes)
--------------------------------        ----        ----        ------- ----- ------------
DSEG                                00000000    00000074 =         116. bytes (REL,CON)

      Value  Global                              Global Defined In Module
      -----  --------------------------------   ------------------------
     00000008  LmedtronicRF.receiveMedtronicMes   medtronicRF
     0000000B  LmedtronicRF.receiveMedtronicMes   medtronicRF
     0000000C  LmedtronicRF.receiveMedtronicMes   medtronicRF
     00000021  Lcrc_4b6b.encode4b6b$sloc0$1$0     crc_4b6b
     00000024  Lcrc_4b6b.encode4b6b$sloc1$1$0     crc_4b6b
     00000027  Lcrc_4b6b.encode4b6b$sloc2$1$0     crc_4b6b
     00000029  Lcrc_4b6b.encode4b6b$sloc3$1$0     crc_4b6b
     0000002B  Lcrc_4b6b.encode4b6b$sloc4$1$0     crc_4b6b
     0000002E  Lcrc_4b6b.encode4b6b$sloc5$1$0     crc_4b6b
     00000030  Lcrc_4b6b.encode4b6b$sloc6$1$0     crc_4b6b
     00000031  Lcrc_4b6b.decode4b6b$sloc0$1$0     crc_4b6b
     00000033  Lcrc_4b6b.decode4b6b$sloc1$1$0     crc_4b6b
     00000036  Lcrc_4b6b.decode4b6b$sloc2$1$0     crc_4b6b
     00000038  Lcrc_4b6b.decode4b6b$sloc3$1$0     crc_4b6b
     00000039  Lcrc_4b6b.decode4b6b$sloc4$1$0     crc_4b6b
     0000003B  Lutil_buffer.bufPut$sloc0$1$0      util_buffer
     0000003D  Lutil_buffer.bufPut$sloc1$1$0      util_buffer
     0000003E  Lutil_buffer.bufPut$sloc2$1$0      util_buffer
     00000040  Lutil_buffer.bufPut$sloc3$1$0      util_buffer
     00000043  Lutil_buffer.bufPut$sloc4$1$0      util_buffer
     00000046  Lutil_buffer.bufPut$sloc5$1$0      util_buffer
     00000049  Lutil_buffer.bufGet$sloc0$1$0      util_buffer
     0000004C  Lutil_buffer.bufGet$sloc1$1$0      util_buffer
     0000004F  Lutil_buffer.bufGet$sloc2$1$0      util_buffer
     00000050  Lutil_buffer.bufGet$sloc3$1$0      util_buffer
     00000053  Lutil_buffer.bufPeek$sloc0$1$0     util_buffer
     00000056  Lutil_buffer.bufPeek$sloc1$1$0     util_buffer
     00000057  Lutil_buffer.bufPeek$sloc2$1$0     util_buffer
     00000058  Lutil_buffer.bufPeek$sloc3$1$0     util_buffer
     0000005B  Lutil_buffer.bufPeek$sloc4$1$0     util_buffer
ASxxxx Linker V03.00 + NoICE + sdld,  page 23.
Hexadecimal  [32-Bits]

Area                                    Addr        Size        Decimal Bytes (Attributes)
--------------------------------        ----        ----        ------- ----- ------------
OSEG                                0000000F    00000005 =           5. bytes (REL,OVR)

      Value  Global                              Global Defined In Module
      -----  --------------------------------   ------------------------
     0000000F  Lcrc_4b6b.crc16$sloc0$1$0          crc_4b6b
     0000000F  Lcrc_4b6b.crc8$sloc0$1$0           crc_4b6b
     00000011  Lcrc_4b6b.crc16$sloc1$1$0          crc_4b6b
ASxxxx Linker V03.00 + NoICE + sdld,  page 24.
Hexadecimal  [32-Bits]

Area                                    Addr        Size        Decimal Bytes (Attributes)
--------------------------------        ----        ----        ------- ----- ------------
SSEG                                0000005E    000000A2 =         162. bytes (REL,OVR)

      Value  Global                              Global Defined In Module
      -----  --------------------------------   ------------------------
     0000005E  __start__stack                     MMCommander

ASxxxx Linker V03.00 + NoICE + sdld,  page 25.
Hexadecimal  [32-Bits]

Area                                    Addr        Size        Decimal Bytes (Attributes)
--------------------------------        ----        ----        ------- ----- ------------
XSEG                                00000001    00000713 =        1811. bytes (REL,CON,XDATA)

      Value  Global                              Global Defined In Module
      -----  --------------------------------   ------------------------
D:   00000001  Lclock.clockSetMainSrc$source$1$   clock
D:   00000002  Fcrc_4b6b$crc16Tab$0$0             crc_4b6b
D:   00000202  Lcrc_4b6b.crc8$nBytes$1$9          crc_4b6b
D:   00000202  _crc8_PARM_2                       crc_4b6b
D:   00000204  Lcrc_4b6b.crc8$message$1$9         crc_4b6b
D:   00000207  Lcrc_4b6b.crc8$remainder$1$10      crc_4b6b
D:   00000208  Lcrc_4b6b.crc16Init$crc$1$14       crc_4b6b
D:   0000020A  Lcrc_4b6b.crc16Init$c$1$14         crc_4b6b
D:   0000020C  Lcrc_4b6b.crc16$nBytes$1$17        crc_4b6b
D:   0000020C  _crc16_PARM_2                      crc_4b6b
D:   0000020E  Lcrc_4b6b.crc16$message$1$17       crc_4b6b
D:   00000211  Lcrc_4b6b.crc16$crc$1$18           crc_4b6b
D:   00000213  Lcrc_4b6b.get4b6bsymbol$inSymbol   crc_4b6b
D:   00000214  Lcrc_4b6b.decode4b6bsymbol$outSy   crc_4b6b
D:   00000214  _decode4b6bsymbol_PARM_2           crc_4b6b
D:   00000217  Lcrc_4b6b.decode4b6bsymbol$inSym   crc_4b6b
D:   00000218  Lcrc_4b6b.encode4b6b$bytesIn$1$4   crc_4b6b
D:   00000218  _encode4b6b_PARM_2                 crc_4b6b
D:   0000021A  Lcrc_4b6b.encode4b6b$messageOut$   crc_4b6b
D:   0000021A  _encode4b6b_PARM_3                 crc_4b6b
D:   0000021D  Lcrc_4b6b.encode4b6b$bytesOut$1$   crc_4b6b
D:   0000021D  _encode4b6b_PARM_4                 crc_4b6b
D:   00000220  Lcrc_4b6b.encode4b6b$messageIn$1   crc_4b6b
D:   00000223  Lcrc_4b6b.encode4b6b$intBuffer$1   crc_4b6b
D:   00000225  Lcrc_4b6b.encode4b6b$intBitsAvai   crc_4b6b
D:   00000227  Lcrc_4b6b.encode4b6b$symbol$1$44   crc_4b6b
D:   00000228  Lcrc_4b6b.decode4b6b$bytesIn$1$5   crc_4b6b
D:   00000228  _decode4b6b_PARM_2                 crc_4b6b
D:   0000022A  Lcrc_4b6b.decode4b6b$messageOut$   crc_4b6b
D:   0000022A  _decode4b6b_PARM_3                 crc_4b6b
D:   0000022D  Lcrc_4b6b.decode4b6b$bytesOut$1$   crc_4b6b
D:   0000022D  _decode4b6b_PARM_4                 crc_4b6b
D:   00000230  Lcrc_4b6b.decode4b6b$messageIn$1   crc_4b6b
D:   00000233  Lcrc_4b6b.decode4b6b$intBuffer$1   crc_4b6b
D:   00000235  Lcrc_4b6b.decode4b6b$intBitsAvai   crc_4b6b
D:   00000237  Lcrc_4b6b.decode4b6b$symbol$1$51   crc_4b6b
D:   00000238  Lcrc_4b6b.decode4b6b$recByte$1$5   crc_4b6b
D:   00000239  Lcrc_4b6b.decode4b6b$nibbleFlag$   crc_4b6b
D:   0000023A  Lcrc_4b6b.decode4b6b$outBytes$1$   crc_4b6b
D:   0000023B  Lcrc_4b6b.sleep$time$1$55          crc_4b6b
D:   0000023D  Lhal_int.halIntUnlock$key$1$18     hal_int
D:   0000023F  Lhal_mcu.halMcuWaitUs$usec$1$12    hal_mcu
D:   00000241  Lhal_mcu.halMcuWaitMs$msec$1$15    hal_mcu
D:   00000243  Lhal_uart.halUartInit$options$1$   hal_uart
D:   00000243  _halUartInit_PARM_2                hal_uart
D:   00000244  Lhal_uart.halUartWrite$length$1$   hal_uart
D:   00000244  _halUartWrite_PARM_2               hal_uart
D:   00000246  Lhal_uart.halUartRead$length$1$1   hal_uart
D:   00000246  _halUartRead_PARM_2                hal_uart
D:   00000248  Linterrupts.PORT1_ISR$j$1$25       interrupts
ASxxxx Linker V03.00 + NoICE + sdld,  page 26.
Hexadecimal  [32-Bits]

Area                                    Addr        Size        Decimal Bytes (Attributes)
--------------------------------        ----        ----        ------- ----- ------------
XSEG                                00000001    00000713 =        1811. bytes (REL,CON,XDATA)

      Value  Global                              Global Defined In Module
      -----  --------------------------------   ------------------------
D:   0000024A  Linterrupts.PORT1_ISR$modeChange   interrupts
D:   0000024C  Linterrupts.PORT1_ISR$txString$1   interrupts
D:   0000024E  FmedtronicRF$rfMessage$0$0         medtronicRF
D:   0000044E  FmedtronicRF$rfLength$0$0          medtronicRF
D:   00000450  FmedtronicRF$txCalcCRC$0$0         medtronicRF
D:   00000452  FmedtronicRF$txCalcCRC16$0$0       medtronicRF
D:   00000454  FmedtronicRF$txLength$0$0          medtronicRF
D:   00000455  FmedtronicRF$txTimes$0$0           medtronicRF
D:   00000457  FmedtronicRF$lastData$0$0          medtronicRF
D:   00000458  LmedtronicRF.sendMedtronicMessag   medtronicRF
D:   00000458  _sendMedtronicMessage_PARM_2       medtronicRF
D:   0000045A  LmedtronicRF.sendMedtronicMessag   medtronicRF
D:   0000045A  _sendMedtronicMessage_PARM_3       medtronicRF
D:   0000045C  LmedtronicRF.sendMedtronicMessag   medtronicRF
D:   0000045F  LmedtronicRF.receiveMedtronicMes   medtronicRF
D:   0000045F  _receiveMedtronicMessage_PARM_2    medtronicRF
D:   00000462  LmedtronicRF.receiveMedtronicMes   medtronicRF
D:   00000465  LmedtronicRF.usbReceiveData$temp   medtronicRF
D:   000004E5  LmedtronicRF.usbReceiveData$read   medtronicRF
D:   000004E7  G$uartRxBuffer$0$0                 MMCommander
D:   000004E7  _uartRxBuffer                      MMCommander
D:   00000567  G$uartTxBuffer$0$0                 MMCommander
D:   00000567  _uartTxBuffer                      MMCommander
D:   000005E7  G$uartTxLength$0$0                 MMCommander
D:   000005E7  _uartTxLength                      MMCommander
D:   000005E9  G$uartTxIndex$0$0                  MMCommander
D:   000005E9  _uartTxIndex                       MMCommander
D:   000005EB  G$uartRxIndex$0$0                  MMCommander
D:   000005EB  _uartRxIndex                       MMCommander
D:   000005ED  LMMCommander.main$dataPacket$1$3   MMCommander
D:   000006ED  LMMCommander.main$repPacket$1$32   MMCommander
D:   000006F0  LMMCommander.main$dataLength$1$3   MMCommander
D:   000006F2  LMMCommander.main$repeatedMessag   MMCommander
D:   000006F3  G$txFilterEnabled$0$0              txFilter
D:   000006F3  _txFilterEnabled                   txFilter
D:   000006F4  LtxFilter.txFilter$length$1$1      txFilter
D:   000006F4  _txFilter_PARM_2                   txFilter
D:   000006F6  Lutil_buffer.bufInit$pBuf$1$15     util_buffer
D:   000006F9  Lutil_buffer.bufPut$pData$1$17     util_buffer
D:   000006F9  _bufPut_PARM_2                     util_buffer
D:   000006FC  Lutil_buffer.bufPut$nBytes$1$17    util_buffer
D:   000006FC  _bufPut_PARM_3                     util_buffer
D:   000006FD  Lutil_buffer.bufPut$pBuf$1$17      util_buffer
D:   00000700  Lutil_buffer.bufPut$i$1$18         util_buffer
D:   00000701  Lutil_buffer.bufGet$pData$1$22     util_buffer
D:   00000701  _bufGet_PARM_2                     util_buffer
D:   00000704  Lutil_buffer.bufGet$nBytes$1$22    util_buffer
D:   00000704  _bufGet_PARM_3                     util_buffer
D:   00000705  Lutil_buffer.bufGet$pBuf$1$22      util_buffer
D:   00000708  Lutil_buffer.bufPeek$pData$1$25    util_buffer
D:   00000708  _bufPeek_PARM_2                    util_buffer
ASxxxx Linker V03.00 + NoICE + sdld,  page 27.
Hexadecimal  [32-Bits]

Area                                    Addr        Size        Decimal Bytes (Attributes)
--------------------------------        ----        ----        ------- ----- ------------
XSEG                                00000001    00000713 =        1811. bytes (REL,CON,XDATA)

      Value  Global                              Global Defined In Module
      -----  --------------------------------   ------------------------
D:   0000070B  Lutil_buffer.bufPeek$nBytes$1$25   util_buffer
D:   0000070B  _bufPeek_PARM_3                    util_buffer
D:   0000070C  Lutil_buffer.bufPeek$pBuf$1$25     util_buffer
D:   0000070F  Lutil_buffer.bufPeek$j$1$26        util_buffer
D:   00000710  Lutil_buffer.bufNumBytes$pBuf$1$   util_buffer
D:   00000713  __gptrput_PARM_2                   _gptrput

ASxxxx Linker V03.00 + NoICE + sdld,  page 28.
Hexadecimal  [32-Bits]

Area                                    Addr        Size        Decimal Bytes (Attributes)
--------------------------------        ----        ----        ------- ----- ------------
HOME                                00000000    00000006 =           6. bytes (REL,CON,CODE)

      Value  Global                              Global Defined In Module
      -----  --------------------------------   ------------------------
C:   00000000  A$MMCommander$1402                 MMCommander
C:   00000003  A$MMCommander$1424                 MMCommander
C:   00000003  __sdcc_program_startup             MMCommander
ASxxxx Linker V03.00 + NoICE + sdld,  page 29.
Hexadecimal  [32-Bits]

Area                                    Addr        Size        Decimal Bytes (Attributes)
--------------------------------        ----        ----        ------- ----- ------------
GSINIT0                             00000006    00000003 =           3. bytes (REL,CON,CODE)

      Value  Global                              Global Defined In Module
      -----  --------------------------------   ------------------------
C:   00000006  __sdcc_gsinit_startup              

ASxxxx Linker V03.00 + NoICE + sdld,  page 30.
Hexadecimal  [32-Bits]

Area                                    Addr        Size        Decimal Bytes (Attributes)
--------------------------------        ----        ----        ------- ----- ------------
GSINIT2                             00000009    0000000A =          10. bytes (REL,CON,CODE)

      Value  Global                              Global Defined In Module
      -----  --------------------------------   ------------------------
ASxxxx Linker V03.00 + NoICE + sdld,  page 31.
Hexadecimal  [32-Bits]

Area                                    Addr        Size        Decimal Bytes (Attributes)
--------------------------------        ----        ----        ------- ----- ------------
GSINIT3                             00000013    00000022 =          34. bytes (REL,CON,CODE)

      Value  Global                              Global Defined In Module
      -----  --------------------------------   ------------------------
[...]
C:   00001A55  A$util_buffer$1898                 util_buffer
C:   00001A56  A$util_buffer$1899                 util_buffer
C:   00001A59  A$util_buffer$1900                 util_buffer
C:   00001A5C  A$util_buffer$1901                 util_buffer
C:   00001A5F  A$util_buffer$1902                 util_buffer
C:   00001A62  A$util_buffer$1905                 util_buffer
C:   00001A62  C$util_buffer.c$105$2$24           util_buffer
C:   00001A65  A$util_buffer$1906                 util_buffer
C:   00001A68  A$util_buffer$1907                 util_buffer
C:   00001A6B  A$util_buffer$1908                 util_buffer
C:   00001A6E  A$util_buffer$1909                 util_buffer
C:   00001A6F  A$util_buffer$1910                 util_buffer
C:   00001A70  A$util_buffer$1911                 util_buffer
C:   00001A73  A$util_buffer$1912                 util_buffer
C:   00001A76  A$util_buffer$1913                 util_buffer
C:   00001A79  A$util_buffer$1914                 util_buffer
C:   00001A7A  A$util_buffer$1915                 util_buffer
C:   00001A7D  A$util_buffer$1918                 util_buffer
C:   00001A7D  C$util_buffer.c$106$2$24           util_buffer
C:   00001A80  A$util_buffer$1919                 util_buffer
C:   00001A83  A$util_buffer$1920                 util_buffer
C:   00001A86  A$util_buffer$1921                 util_buffer
C:   00001A89  A$util_buffer$1922                 util_buffer
C:   00001A8A  A$util_buffer$1923                 util_buffer
C:   00001A8D  A$util_buffer$1924                 util_buffer
C:   00001A8F  A$util_buffer$1926                 util_buffer
C:   00001A91  A$util_buffer$1927                 util_buffer
C:   00001A93  A$util_buffer$1928                 util_buffer
C:   00001A95  A$util_buffer$1930                 util_buffer
C:   00001A97  A$util_buffer$1931                 util_buffer
C:   00001A99  A$util_buffer$1934                 util_buffer
ASxxxx Linker V03.00 + NoICE + sdld,  page 123.
Hexadecimal  [32-Bits]

Area                                    Addr        Size        Decimal Bytes (Attributes)
--------------------------------        ----        ----        ------- ----- ------------
CSEG                                00000062    00001BC1 =        7105. bytes (REL,CON,CODE)

      Value  Global                              Global Defined In Module
      -----  --------------------------------   ------------------------
C:   00001A99  C$util_buffer.c$107$2$24           util_buffer
C:   00001A9C  A$util_buffer$1935                 util_buffer
C:   00001A9F  A$util_buffer$1936                 util_buffer
C:   00001AA2  A$util_buffer$1937                 util_buffer
C:   00001AA3  A$util_buffer$1938                 util_buffer
C:   00001AA6  A$util_buffer$1942                 util_buffer
C:   00001AA6  C$util_buffer.c$108$2$24           util_buffer
C:   00001AA7  A$util_buffer$1943                 util_buffer
C:   00001AAA  A$util_buffer$1947                 util_buffer
C:   00001AAA  C$util_buffer.c$110$1$23           util_buffer
C:   00001AAD  A$util_buffer$1948                 util_buffer
C:   00001AAE  A$util_buffer$1949                 util_buffer
C:   00001AAF  A$util_buffer$1950                 util_buffer
C:   00001AB0  A$util_buffer$1951                 util_buffer
C:   00001AB1  A$util_buffer$1952                 util_buffer
C:   00001AB2  A$util_buffer$1953                 util_buffer
C:   00001AB3  A$util_buffer$1954                 util_buffer
C:   00001AB4  A$util_buffer$1955                 util_buffer
C:   00001AB5  A$util_buffer$1956                 util_buffer
C:   00001AB7  A$util_buffer$1957                 util_buffer
C:   00001AB8  A$util_buffer$1958                 util_buffer
C:   00001AB9  A$util_buffer$1959                 util_buffer
C:   00001ABA  A$util_buffer$1960                 util_buffer
C:   00001ABB  A$util_buffer$1961                 util_buffer
C:   00001ABC  A$util_buffer$1962                 util_buffer
C:   00001ABE  A$util_buffer$1963                 util_buffer
C:   00001AC0  A$util_buffer$1964                 util_buffer
C:   00001AC2  A$util_buffer$1965                 util_buffer
C:   00001AC5  A$util_buffer$1966                 util_buffer
C:   00001AC6  A$util_buffer$1967                 util_buffer
C:   00001AC7  A$util_buffer$1968                 util_buffer
C:   00001AC9  A$util_buffer$1969                 util_buffer
C:   00001ACB  A$util_buffer$1970                 util_buffer
C:   00001ACD  A$util_buffer$1971                 util_buffer
C:   00001AD0  A$util_buffer$1974                 util_buffer
C:   00001AD0  C$util_buffer.c$113$1$23           util_buffer
C:   00001AD2  A$util_buffer$1975                 util_buffer
C:   00001AD4  A$util_buffer$1976                 util_buffer
C:   00001AD6  A$util_buffer$1977                 util_buffer
C:   00001AD9  A$util_buffer$1978                 util_buffer
C:   00001ADB  A$util_buffer$1981                 util_buffer
C:   00001ADB  C$util_buffer.c$114$1$23           util_buffer
C:   00001ADD  A$util_buffer$1984                 util_buffer
C:   00001ADD  C$util_buffer.c$115$1$23           util_buffer
C:   00001ADD  XG$bufGet$0$0                      util_buffer
C:   00001ADE  A$util_buffer$2007                 util_buffer
C:   00001ADE  C$util_buffer.c$129$1$23           util_buffer
C:   00001ADE  G$bufPeek$0$0                      util_buffer
C:   00001ADE  _bufPeek                           util_buffer
C:   00001AE0  A$util_buffer$2008                 util_buffer
C:   00001AE2  A$util_buffer$2009                 util_buffer
ASxxxx Linker V03.00 + NoICE + sdld,  page 124.
Hexadecimal  [32-Bits]

Area                                    Addr        Size        Decimal Bytes (Attributes)
--------------------------------        ----        ----        ------- ----- ------------
CSEG                                00000062    00001BC1 =        7105. bytes (REL,CON,CODE)

      Value  Global                              Global Defined In Module
      -----  --------------------------------   ------------------------
C:   00001AE4  A$util_buffer$2010                 util_buffer
C:   00001AE7  A$util_buffer$2011                 util_buffer
C:   00001AE8  A$util_buffer$2012                 util_buffer
C:   00001AE9  A$util_buffer$2013                 util_buffer
C:   00001AEA  A$util_buffer$2014                 util_buffer
C:   00001AEB  A$util_buffer$2015                 util_buffer
C:   00001AEC  A$util_buffer$2016                 util_buffer
C:   00001AED  A$util_buffer$2017                 util_buffer
C:   00001AEE  A$util_buffer$2020                 util_buffer
C:   00001AEE  C$util_buffer.c$134$1$26           util_buffer
C:   00001AF1  A$util_buffer$2021                 util_buffer
C:   00001AF3  A$util_buffer$2022                 util_buffer
C:   00001AF5  A$util_buffer$2025                 util_buffer
C:   00001AF5  C$util_buffer.c$137$1$26           util_buffer
C:   00001AF8  A$util_buffer$2026                 util_buffer
C:   00001AF9  A$util_buffer$2027                 util_buffer
C:   00001AFA  A$util_buffer$2028                 util_buffer
C:   00001AFB  A$util_buffer$2029                 util_buffer
C:   00001AFC  A$util_buffer$2030                 util_buffer
C:   00001AFD  A$util_buffer$2031                 util_buffer
C:   00001AFE  A$util_buffer$2032                 util_buffer
C:   00001AFF  A$util_buffer$2033                 util_buffer
C:   00001B00  A$util_buffer$2034                 util_buffer
C:   00001B02  A$util_buffer$2035                 util_buffer
C:   00001B03  A$util_buffer$2036                 util_buffer
C:   00001B04  A$util_buffer$2037                 util_buffer
C:   00001B05  A$util_buffer$2038                 util_buffer
C:   00001B06  A$util_buffer$2039                 util_buffer
C:   00001B07  A$util_buffer$2040                 util_buffer
C:   00001B09  A$util_buffer$2041                 util_buffer
C:   00001B0B  A$util_buffer$2042                 util_buffer
C:   00001B0D  A$util_buffer$2043                 util_buffer
C:   00001B0F  A$util_buffer$2044                 util_buffer
C:   00001B12  A$util_buffer$2045                 util_buffer
C:   00001B13  A$util_buffer$2046                 util_buffer
C:   00001B16  A$util_buffer$2047                 util_buffer
C:   00001B17  A$util_buffer$2050                 util_buffer
C:   00001B17  C$util_buffer.c$138$1$26           util_buffer
C:   00001B19  A$util_buffer$2051                 util_buffer
C:   00001B1A  A$util_buffer$2052                 util_buffer
C:   00001B1C  A$util_buffer$2053                 util_buffer
C:   00001B1D  A$util_buffer$2054                 util_buffer
C:   00001B1E  A$util_buffer$2055                 util_buffer
C:   00001B20  A$util_buffer$2056                 util_buffer
C:   00001B22  A$util_buffer$2057                 util_buffer
C:   00001B25  A$util_buffer$2058                 util_buffer
C:   00001B26  A$util_buffer$2059                 util_buffer
C:   00001B28  A$util_buffer$2060                 util_buffer
C:   00001B29  A$util_buffer$2061                 util_buffer
C:   00001B2A  A$util_buffer$2062                 util_buffer
C:   00001B2C  A$util_buffer$2063                 util_buffer
ASxxxx Linker V03.00 + NoICE + sdld,  page 125.
Hexadecimal  [32-Bits]

Area                                    Addr        Size        Decimal Bytes (Attributes)
--------------------------------        ----        ----        ------- ----- ------------
CSEG                                00000062    00001BC1 =        7105. bytes (REL,CON,CODE)

      Value  Global                              Global Defined In Module
      -----  --------------------------------   ------------------------
C:   00001B2D  A$util_buffer$2064                 util_buffer
C:   00001B2E  A$util_buffer$2065                 util_buffer
C:   00001B30  A$util_buffer$2066                 util_buffer
C:   00001B33  A$util_buffer$2067                 util_buffer
C:   00001B34  A$util_buffer$2068                 util_buffer
C:   00001B36  A$util_buffer$2069                 util_buffer
C:   00001B39  A$util_buffer$2071                 util_buffer
C:   00001B3A  A$util_buffer$2072                 util_buffer
C:   00001B3C  A$util_buffer$2073                 util_buffer
C:   00001B3E  A$util_buffer$2074                 util_buffer
C:   00001B40  A$util_buffer$2075                 util_buffer
C:   00001B42  A$util_buffer$2076                 util_buffer
C:   00001B44  A$util_buffer$2077                 util_buffer
C:   00001B47  A$util_buffer$2078                 util_buffer
C:   00001B4A  A$util_buffer$2079                 util_buffer
C:   00001B4D  A$util_buffer$2080                 util_buffer
C:   00001B50  A$util_buffer$2081                 util_buffer
C:   00001B51  A$util_buffer$2082                 util_buffer
C:   00001B52  A$util_buffer$2083                 util_buffer
C:   00001B54  A$util_buffer$2084                 util_buffer
C:   00001B55  A$util_buffer$2085                 util_buffer
C:   00001B57  A$util_buffer$2086                 util_buffer
C:   00001B59  A$util_buffer$2087                 util_buffer
C:   00001B5B  A$util_buffer$2090                 util_buffer
C:   00001B5B  C$util_buffer.c$139$1$26           util_buffer
C:   00001B5D  A$util_buffer$2091                 util_buffer
C:   00001B5F  A$util_buffer$2092                 util_buffer
C:   00001B61  A$util_buffer$2093                 util_buffer
C:   00001B63  A$util_buffer$2094                 util_buffer
C:   00001B65  A$util_buffer$2095                 util_buffer
C:   00001B66  A$util_buffer$2096                 util_buffer
C:   00001B68  A$util_buffer$2097                 util_buffer
C:   00001B6A  A$util_buffer$2098                 util_buffer
C:   00001B6D  A$util_buffer$2099                 util_buffer
C:   00001B70  A$util_buffer$2100                 util_buffer
C:   00001B71  A$util_buffer$2101                 util_buffer
C:   00001B72  A$util_buffer$2102                 util_buffer
C:   00001B73  A$util_buffer$2103                 util_buffer
C:   00001B74  A$util_buffer$2104                 util_buffer
C:   00001B75  A$util_buffer$2105                 util_buffer
C:   00001B76  A$util_buffer$2106                 util_buffer
C:   00001B77  A$util_buffer$2107                 util_buffer
C:   00001B79  A$util_buffer$2108                 util_buffer
C:   00001B7B  A$util_buffer$2109                 util_buffer
C:   00001B7D  A$util_buffer$2110                 util_buffer
C:   00001B7F  A$util_buffer$2111                 util_buffer
C:   00001B82  A$util_buffer$2112                 util_buffer
C:   00001B83  A$util_buffer$2113                 util_buffer
C:   00001B86  A$util_buffer$2114                 util_buffer
C:   00001B89  A$util_buffer$2115                 util_buffer
C:   00001B8C  A$util_buffer$2116                 util_buffer
ASxxxx Linker V03.00 + NoICE + sdld,  page 126.
Hexadecimal  [32-Bits]

Area                                    Addr        Size        Decimal Bytes (Attributes)
--------------------------------        ----        ----        ------- ----- ------------
CSEG                                00000062    00001BC1 =        7105. bytes (REL,CON,CODE)

      Value  Global                              Global Defined In Module
      -----  --------------------------------   ------------------------
C:   00001B8F  A$util_buffer$2119                 util_buffer
C:   00001B8F  C$util_buffer.c$140$2$27           util_buffer
C:   00001B92  A$util_buffer$2120                 util_buffer
C:   00001B93  A$util_buffer$2121                 util_buffer
C:   00001B94  A$util_buffer$2122                 util_buffer
C:   00001B95  A$util_buffer$2125                 util_buffer
C:   00001B95  C$util_buffer.c$141$2$27           util_buffer
C:   00001B96  A$util_buffer$2126                 util_buffer
C:   00001B97  A$util_buffer$2127                 util_buffer
C:   00001B9A  A$util_buffer$2128                 util_buffer
C:   00001B9C  A$util_buffer$2130                 util_buffer
C:   00001B9E  A$util_buffer$2131                 util_buffer
C:   00001BA0  A$util_buffer$2132                 util_buffer
C:   00001BA2  A$util_buffer$2134                 util_buffer
C:   00001BA4  A$util_buffer$2135                 util_buffer
C:   00001BA6  A$util_buffer$2138                 util_buffer
C:   00001BA6  C$util_buffer.c$142$2$27           util_buffer
C:   00001BA9  A$util_buffer$2139                 util_buffer
C:   00001BAA  A$util_buffer$2140                 util_buffer
C:   00001BAB  A$util_buffer$2144                 util_buffer
C:   00001BAB  C$util_buffer.c$143$2$27           util_buffer
C:   00001BAD  A$util_buffer$2145                 util_buffer
C:   00001BAF  A$util_buffer$2149                 util_buffer
C:   00001BAF  C$util_buffer.c$147$1$26           util_buffer
C:   00001BB1  A$util_buffer$2150                 util_buffer
C:   00001BB3  A$util_buffer$2151                 util_buffer
C:   00001BB6  A$util_buffer$2154                 util_buffer
C:   00001BB6  C$util_buffer.c$148$1$26           util_buffer
C:   00001BB9  A$util_buffer$2157                 util_buffer
C:   00001BB9  C$util_buffer.c$149$1$26           util_buffer
C:   00001BB9  XG$bufPeek$0$0                     util_buffer
C:   00001BBA  A$util_buffer$2170                 util_buffer
C:   00001BBA  C$util_buffer.c$161$1$26           util_buffer
C:   00001BBA  G$bufNumBytes$0$0                  util_buffer
C:   00001BBA  _bufNumBytes                       util_buffer
C:   00001BBC  A$util_buffer$2171                 util_buffer
C:   00001BBE  A$util_buffer$2172                 util_buffer
C:   00001BC0  A$util_buffer$2173                 util_buffer
C:   00001BC3  A$util_buffer$2174                 util_buffer
C:   00001BC4  A$util_buffer$2175                 util_buffer
C:   00001BC5  A$util_buffer$2176                 util_buffer
C:   00001BC6  A$util_buffer$2177                 util_buffer
C:   00001BC7  A$util_buffer$2178                 util_buffer
C:   00001BC8  A$util_buffer$2179                 util_buffer
C:   00001BC9  A$util_buffer$2180                 util_buffer
C:   00001BCA  A$util_buffer$2183                 util_buffer
C:   00001BCA  C$util_buffer.c$162$1$29           util_buffer
C:   00001BCD  A$util_buffer$2184                 util_buffer
C:   00001BCE  A$util_buffer$2185                 util_buffer
C:   00001BCF  A$util_buffer$2186                 util_buffer
C:   00001BD0  A$util_buffer$2187                 util_buffer
ASxxxx Linker V03.00 + NoICE + sdld,  page 127.
Hexadecimal  [32-Bits]

Area                                    Addr        Size        Decimal Bytes (Attributes)
--------------------------------        ----        ----        ------- ----- ------------
CSEG                                00000062    00001BC1 =        7105. bytes (REL,CON,CODE)

      Value  Global                              Global Defined In Module
      -----  --------------------------------   ------------------------
C:   00001BD1  A$util_buffer$2188                 util_buffer
C:   00001BD2  A$util_buffer$2189                 util_buffer
C:   00001BD3  A$util_buffer$2190                 util_buffer
C:   00001BD4  A$util_buffer$2191                 util_buffer
C:   00001BD5  A$util_buffer$2192                 util_buffer
C:   00001BD7  A$util_buffer$2193                 util_buffer
C:   00001BD8  A$util_buffer$2194                 util_buffer
C:   00001BD9  A$util_buffer$2195                 util_buffer
C:   00001BDA  A$util_buffer$2196                 util_buffer
C:   00001BDB  A$util_buffer$2197                 util_buffer
C:   00001BDC  A$util_buffer$2198                 util_buffer
C:   00001BDE  A$util_buffer$2199                 util_buffer
C:   00001BE0  A$util_buffer$2200                 util_buffer
C:   00001BE2  A$util_buffer$2201                 util_buffer
C:   00001BE5  A$util_buffer$2204                 util_buffer
C:   00001BE5  C$util_buffer.c$163$1$29           util_buffer
C:   00001BE5  XG$bufNumBytes$0$0                 util_buffer
C:   00001BE7  A$util_buffer$2205                 util_buffer
C:   00001BE8  __gptrput                          _gptrput
C:   00001C03  __gptrget                          _gptrget
C:   00001C1F  __sdcc_external_startup            _startup

ASxxxx Linker V03.00 + NoICE + sdld,  page 128.

Files Linked                              [ module(s) ]

obj\Debug\clock.rel                       [  ]
obj\Debug\crc_4b6b.rel                    [  ]
obj\Debug\hal_board.rel                   [  ]
obj\Debug\hal_int.rel                     [  ]
obj\Debug\hal_mcu.rel                     [  ]
obj\Debug\hal_uart.rel                    [  ]
obj\Debug\init.rel                        [  ]
obj\Debug\interrupts.rel                  [  ]
obj\Debug\medtronicRF.rel                 [  ]
obj\Debug\MMCommander.rel                 [  ]
obj\Debug\txFilter.rel                    [  ]
obj\Debug\util_buffer.rel                 [  ]


Libraries Linked                          [ object file ]

C:\Program Files\SDCC\bin\..\lib\large/mcs51.lib
                                          [ crtclear.rel ]
C:\Program Files\SDCC\bin\..\lib\large/mcs51.lib
                                          [ crtxinit.rel ]
C:\Program Files\SDCC\bin\..\lib\large/libsdcc.lib
                                          [ _gptrput.rel ]
C:\Program Files\SDCC\bin\..\lib\large/mcs51.lib
                                          [ crtxclear.rel ]
C:\Program Files\SDCC\bin\..\lib\large/mcs51.lib
                                          [ crtstart.rel ]
C:\Program Files\SDCC\bin\..\lib\large/libsdcc.lib
                                          [ _gptrget.rel ]
C:\Program Files\SDCC\bin\..\lib\large/libsdcc.lib
                                          [ _startup.rel ]

ASxxxx Linker V03.00 + NoICE + sdld,  page 129.

User Base Address Definitions

HOME = 0x0000
XSEG = 0x0001
PSEG = 0x0001
ISEG = 0x0000
BSEG = 0x0000

